0
1
2
3
4
5
6
7
8
9
10
11
12
13
14
15
16
17
18
19
20
21
22
23
24
25
26
27
28
29
30
31
32
33
34
35
36
37
38
39
40
41
42
43
44
45
46
47
48
49
50
51
52
53
54
55
56
57
58
59
60
61
62
63
64
65
66
67
68
69
70
71
72
73
74
75
76
77
78
79
80
81
82
83
84
85
86
87
88
89
90
91
92
93
94
95
96
97
98
99
100
cero
uno
dos
tres
cuatro
cinco
seis
siete
ocho
nueve
diez
once
doce
trece
catorce
quince
dieciseis
diecisiete
dieciocho
diecinueve
veinte
veintiuno
veintidos
veintitres
veinticuatro
veinticinco
veintiseis
veintisiete
veintiocho
veintinueve
treinta
treinta y uno
treinta y dos
treinta y tres
treinta y cuatro
treinta y cinco
treinta y seis
treinta y siete
treinta y ocho
treinta y nueve
cuarenta
cuarenta y uno
cuarenta y dos
cuarenta y tres
cuarenta y cuatro
cuarenta y cinco
cuarenta y seis
cuarenta y siete
cuarenta y ocho
cuarenta y nueve
cincuenta
cincuenta y uno
cincuenta y dos
cincuenta y tres
cincuenta y cuatro
cincuenta y cinco
cincuenta y seis
cincuenta y siete
cincuenta y ocho
cincuenta y nueve
sesenta
sesenta y uno
sesenta y dos
sesenta y tres
sesenta y cuatro
sesenta y cinco
sesenta y seis
sesenta y siete
sesenta y ocho
sesenta y nueve
setenta
setenta y uno
setenta y dos
setenta y tres
setenta y cuatro
setenta y cinco
setenta y seis
setenta y siete
setenta y ocho
setenta y nueve
ochenta
ochenta y uno
ochenta y dos
ochenta y tres
ochenta y cuatro
ochenta y cinco
ochenta y seis
ochenta y siete
ochenta y ocho
ochenta y nueve
noventa
noventa y uno
noventa y dos
noventa y tres
noventa y cuatro
noventa y cinco
noventa y seis
noventa y siete
noventa y ocho
noventa y nueve
cien
ciento uno
ciento dos
ciento tres
ciento cuatro
ciento cinco
ciento seis
ciento siete
ciento ocho
ciento nueve
ciento diez
ciento once
ciento doce
ciento trece
ciento catorce
ciento quince
ciento dieciseis
ciento diecisiete
ciento dieciocho
ciento diecinueve
ciento veinte
ciento veintiuno
ciento veintidos
ciento veintitres
ciento veinticuatro
ciento veinticinco
ciento veintiseis
ciento veintisiete
ciento veintiocho
ciento veintinueve
ciento treinta
ciento treinta y uno
ciento treinta y dos
ciento treinta y tres
ciento treinta y cuatro
ciento treinta y cinco
ciento treinta y seis
ciento treinta y siete
ciento treinta y ocho
ciento treinta y nueve
ciento cuarenta
ciento cuarenta y uno
ciento cuarenta y dos
ciento cuarenta y tres
ciento cuarenta y cuatro
ciento cuarenta y cinco
ciento cuarenta y seis
ciento cuarenta y siete
ciento cuarenta y ocho
ciento cuarenta y nueve
ciento cincuenta
ciento cincuenta y uno
ciento cincuenta y dos
ciento cincuenta y tres
ciento cincuenta y cuatro
ciento cincuenta y cinco
ciento cincuenta y seis
ciento cincuenta y siete
ciento cincuenta y ocho
ciento cincuenta y nueve
ciento sesenta
ciento sesenta y uno
ciento sesenta y dos
ciento sesenta y tres
ciento sesenta y cuatro
ciento sesenta y cinco
ciento sesenta y seis
ciento sesenta y siete
ciento sesenta y ocho
ciento sesenta y nueve
ciento setenta
ciento setenta y uno
ciento setenta y dos
ciento setenta y tres
ciento setenta y cuatro
ciento setenta y cinco
ciento setenta y seis
ciento setenta y siete
ciento setenta y ocho
ciento setenta y nueve
ciento ochenta
ciento ochenta y uno
ciento ochenta y dos
ciento ochenta y tres
ciento ochenta y cuatro
ciento ochenta y cinco
ciento ochenta y seis
ciento ochenta y siete
ciento ochenta y ocho
ciento ochenta y nueve
ciento noventa
ciento noventa y uno
ciento noventa y dos
ciento noventa y tres
ciento noventa y cuatro
ciento noventa y cinco
ciento noventa y seis
ciento noventa y siete
ciento noventa y ocho
ciento noventa y nueve
doscientos
doscientos uno
doscientos dos
doscientos tres
doscientos cuatro
doscientos cinco
doscientos seis
doscientos siete
doscientos ocho
doscientos nueve
doscientos diez
doscientos once
doscientos doce
doscientos trece
doscientos catorce
doscientos quince
doscientos dieciseis
doscientos diecisiete
doscientos dieciocho
doscientos diecinueve
doscientos veinte
doscientos veintiuno
doscientos veintidos
doscientos veintitres
doscientos veinticuatro
doscientos veinticinco
doscientos veintiseis
doscientos veintisiete
doscientos veintiocho
doscientos veintinueve
doscientos treinta
doscientos treinta y uno
doscientos treinta y dos
doscientos treinta y tres
doscientos treinta y cuatro
doscientos treinta y cinco
doscientos treinta y seis
doscientos treinta y siete
doscientos treinta y ocho
doscientos treinta y nueve
doscientos cuarenta
doscientos cuarenta y uno
doscientos cuarenta y dos
doscientos cuarenta y tres
doscientos cuarenta y cuatro
doscientos cuarenta y cinco
doscientos cuarenta y seis
doscientos cuarenta y siete
doscientos cuarenta y ocho
doscientos cuarenta y nueve
doscientos cincuenta
doscientos cincuenta y uno
doscientos cincuenta y dos
doscientos cincuenta y tres
doscientos cincuenta y cuatro
doscientos cincuenta y cinco
doscientos cincuenta y seis
doscientos cincuenta y siete
doscientos cincuenta y ocho
doscientos cincuenta y nueve
doscientos sesenta
doscientos sesenta y uno
doscientos sesenta y dos
doscientos sesenta y tres
doscientos sesenta y cuatro
doscientos sesenta y cinco
doscientos sesenta y seis
doscientos sesenta y siete
doscientos sesenta y ocho
doscientos sesenta y nueve
doscientos setenta
doscientos setenta y uno
doscientos setenta y dos
doscientos setenta y tres
doscientos setenta y cuatro
doscientos setenta y cinco
doscientos setenta y seis
doscientos setenta y siete
doscientos setenta y ocho
doscientos setenta y nueve
doscientos ochenta
doscientos ochenta y uno
doscientos ochenta y dos
doscientos ochenta y tres
doscientos ochenta y cuatro
doscientos ochenta y cinco
doscientos ochenta y seis
doscientos ochenta y siete
doscientos ochenta y ocho
doscientos ochenta y nueve
doscientos noventa
doscientos noventa y uno
doscientos noventa y dos
doscientos noventa y tres
doscientos noventa y cuatro
doscientos noventa y cinco
doscientos noventa y seis
doscientos noventa y siete
doscientos noventa y ocho
doscientos noventa y nueve
trescientos
trescientos uno
trescientos dos
trescientos tres
trescientos cuatro
trescientos cinco
trescientos seis
trescientos siete
trescientos ocho
trescientos nueve
trescientos diez
trescientos once
trescientos doce
trescientos trece
trescientos catorce
trescientos quince
trescientos dieciseis
trescientos diecisiete
trescientos dieciocho
trescientos diecinueve
trescientos veinte
trescientos veintiuno
trescientos veintidos
trescientos veintitres
trescientos veinticuatro
trescientos veinticinco
trescientos veintiseis
trescientos veintisiete
trescientos veintiocho
trescientos veintinueve
trescientos treinta
trescientos treinta y uno
trescientos treinta y dos
trescientos treinta y tres
trescientos treinta y cuatro
trescientos treinta y cinco
trescientos treinta y seis
trescientos treinta y siete
trescientos treinta y ocho
trescientos treinta y nueve
trescientos cuarenta
trescientos cuarenta y uno
trescientos cuarenta y dos
trescientos cuarenta y tres
trescientos cuarenta y cuatro
trescientos cuarenta y cinco
trescientos cuarenta y seis
trescientos cuarenta y siete
trescientos cuarenta y ocho
trescientos cuarenta y nueve
trescientos cincuenta
trescientos cincuenta y uno
trescientos cincuenta y dos
trescientos cincuenta y tres
trescientos cincuenta y cuatro
trescientos cincuenta y cinco
trescientos cincuenta y seis
trescientos cincuenta y siete
trescientos cincuenta y ocho
trescientos cincuenta y nueve
trescientos sesenta
trescientos sesenta y uno
trescientos sesenta y dos
trescientos sesenta y tres
trescientos sesenta y cuatro
trescientos sesenta y cinco
trescientos sesenta y seis
trescientos sesenta y siete
trescientos sesenta y ocho
trescientos sesenta y nueve
trescientos setenta
trescientos setenta y uno
trescientos setenta y dos
trescientos setenta y tres
trescientos setenta y cuatro
trescientos setenta y cinco
trescientos setenta y seis
trescientos setenta y siete
trescientos setenta y ocho
trescientos setenta y nueve
trescientos ochenta
trescientos ochenta y uno
trescientos ochenta y dos
trescientos ochenta y tres
trescientos ochenta y cuatro
trescientos ochenta y cinco
trescientos ochenta y seis
trescientos ochenta y siete
trescientos ochenta y ocho
trescientos ochenta y nueve
trescientos noventa
trescientos noventa y uno
trescientos noventa y dos
trescientos noventa y tres
trescientos noventa y cuatro
trescientos noventa y cinco
trescientos noventa y seis
trescientos noventa y siete
trescientos noventa y ocho
trescientos noventa y nueve
cuatrocientos
cuatrocientos uno
cuatrocientos dos
cuatrocientos tres
cuatrocientos cuatro
cuatrocientos cinco
cuatrocientos seis
cuatrocientos siete
cuatrocientos ocho
cuatrocientos nueve
cuatrocientos diez
cuatrocientos once
cuatrocientos doce
cuatrocientos trece
cuatrocientos catorce
cuatrocientos quince
cuatrocientos dieciseis
cuatrocientos diecisiete
cuatrocientos dieciocho
cuatrocientos diecinueve
cuatrocientos veinte
cuatrocientos veintiuno
cuatrocientos veintidos
cuatrocientos veintitres
cuatrocientos veinticuatro
cuatrocientos veinticinco
cuatrocientos veintiseis
cuatrocientos veintisiete
cuatrocientos veintiocho
cuatrocientos veintinueve
cuatrocientos treinta
cuatrocientos treinta y uno
cuatrocientos treinta y dos
cuatrocientos treinta y tres
cuatrocientos treinta y cuatro
cuatrocientos treinta y cinco
cuatrocientos treinta y seis
cuatrocientos treinta y siete
cuatrocientos treinta y ocho
cuatrocientos treinta y nueve
cuatrocientos cuarenta
cuatrocientos cuarenta y uno
cuatrocientos cuarenta y dos
cuatrocientos cuarenta y tres
cuatrocientos cuarenta y cuatro
cuatrocientos cuarenta y cinco
cuatrocientos cuarenta y seis
cuatrocientos cuarenta y siete
cuatrocientos cuarenta y ocho
cuatrocientos cuarenta y nueve
cuatrocientos cincuenta
cuatrocientos cincuenta y uno
cuatrocientos cincuenta y dos
cuatrocientos cincuenta y tres
cuatrocientos cincuenta y cuatro
cuatrocientos cincuenta y cinco
cuatrocientos cincuenta y seis
cuatrocientos cincuenta y siete
cuatrocientos cincuenta y ocho
cuatrocientos cincuenta y nueve
cuatrocientos sesenta
cuatrocientos sesenta y uno
cuatrocientos sesenta y dos
cuatrocientos sesenta y tres
cuatrocientos sesenta y cuatro
cuatrocientos sesenta y cinco
cuatrocientos sesenta y seis
cuatrocientos sesenta y siete
cuatrocientos sesenta y ocho
cuatrocientos sesenta y nueve
cuatrocientos setenta
cuatrocientos setenta y uno
cuatrocientos setenta y dos
cuatrocientos setenta y tres
cuatrocientos setenta y cuatro
cuatrocientos setenta y cinco
cuatrocientos setenta y seis
cuatrocientos setenta y siete
cuatrocientos setenta y ocho
cuatrocientos setenta y nueve
cuatrocientos ochenta
cuatrocientos ochenta y uno
cuatrocientos ochenta y dos
cuatrocientos ochenta y tres
cuatrocientos ochenta y cuatro
cuatrocientos ochenta y cinco
cuatrocientos ochenta y seis
cuatrocientos ochenta y siete
cuatrocientos ochenta y ocho
cuatrocientos ochenta y nueve
cuatrocientos noventa
cuatrocientos noventa y uno
cuatrocientos noventa y dos
cuatrocientos noventa y tres
cuatrocientos noventa y cuatro
cuatrocientos noventa y cinco
cuatrocientos noventa y seis
cuatrocientos noventa y siete
cuatrocientos noventa y ocho
cuatrocientos noventa y nueve
quinientos
quinientos uno
quinientos dos
quinientos tres
quinientos cuatro
quinientos cinco
quinientos seis
quinientos siete
quinientos ocho
quinientos nueve
quinientos diez
quinientos once
quinientos doce
quinientos trece
quinientos catorce
quinientos quince
quinientos dieciseis
quinientos diecisiete
quinientos dieciocho
quinientos diecinueve
quinientos veinte
quinientos veintiuno
quinientos veintidos
quinientos veintitres
quinientos veinticuatro
quinientos veinticinco
quinientos veintiseis
quinientos veintisiete
quinientos veintiocho
quinientos veintinueve
quinientos treinta
quinientos treinta y uno
quinientos treinta y dos
quinientos treinta y tres
quinientos treinta y cuatro
quinientos treinta y cinco
quinientos treinta y seis
quinientos treinta y siete
quinientos treinta y ocho
quinientos treinta y nueve
quinientos cuarenta
quinientos cuarenta y uno
quinientos cuarenta y dos
quinientos cuarenta y tres
quinientos cuarenta y cuatro
quinientos cuarenta y cinco
quinientos cuarenta y seis
quinientos cuarenta y siete
quinientos cuarenta y ocho
quinientos cuarenta y nueve
quinientos cincuenta
quinientos cincuenta y uno
quinientos cincuenta y dos
quinientos cincuenta y tres
quinientos cincuenta y cuatro
quinientos cincuenta y cinco
quinientos cincuenta y seis
quinientos cincuenta y siete
quinientos cincuenta y ocho
quinientos cincuenta y nueve
quinientos sesenta
quinientos sesenta y uno
quinientos sesenta y dos
quinientos sesenta y tres
quinientos sesenta y cuatro
quinientos sesenta y cinco
quinientos sesenta y seis
quinientos sesenta y siete
quinientos sesenta y ocho
quinientos sesenta y nueve
quinientos setenta
quinientos setenta y uno
quinientos setenta y dos
quinientos setenta y tres
quinientos setenta y cuatro
quinientos setenta y cinco
quinientos setenta y seis
quinientos setenta y siete
quinientos setenta y ocho
quinientos setenta y nueve
quinientos ochenta
quinientos ochenta y uno
quinientos ochenta y dos
quinientos ochenta y tres
quinientos ochenta y cuatro
quinientos ochenta y cinco
quinientos ochenta y seis
quinientos ochenta y siete
quinientos ochenta y ocho
quinientos ochenta y nueve
quinientos noventa
quinientos noventa y uno
quinientos noventa y dos
quinientos noventa y tres
quinientos noventa y cuatro
quinientos noventa y cinco
quinientos noventa y seis
quinientos noventa y siete
quinientos noventa y ocho
quinientos noventa y nueve
seiscientos
seiscientos uno
seiscientos dos
seiscientos tres
seiscientos cuatro
seiscientos cinco
seiscientos seis
seiscientos siete
seiscientos ocho
seiscientos nueve
seiscientos diez
seiscientos once
seiscientos doce
seiscientos trece
seiscientos catorce
seiscientos quince
seiscientos dieciseis
seiscientos diecisiete
seiscientos dieciocho
seiscientos diecinueve
seiscientos veinte
seiscientos veintiuno
seiscientos veintidos
seiscientos veintitres
seiscientos veinticuatro
seiscientos veinticinco
seiscientos veintiseis
seiscientos veintisiete
seiscientos veintiocho
seiscientos veintinueve
seiscientos treinta
seiscientos treinta y uno
seiscientos treinta y dos
seiscientos treinta y tres
seiscientos treinta y cuatro
seiscientos treinta y cinco
seiscientos treinta y seis
seiscientos treinta y siete
seiscientos treinta y ocho
seiscientos treinta y nueve
seiscientos cuarenta
seiscientos cuarenta y uno
seiscientos cuarenta y dos
seiscientos cuarenta y tres
seiscientos cuarenta y cuatro
seiscientos cuarenta y cinco
seiscientos cuarenta y seis
seiscientos cuarenta y siete
seiscientos cuarenta y ocho
seiscientos cuarenta y nueve
seiscientos cincuenta
seiscientos cincuenta y uno
seiscientos cincuenta y dos
seiscientos cincuenta y tres
seiscientos cincuenta y cuatro
seiscientos cincuenta y cinco
seiscientos cincuenta y seis
seiscientos cincuenta y siete
seiscientos cincuenta y ocho
seiscientos cincuenta y nueve
seiscientos sesenta
seiscientos sesenta y uno
seiscientos sesenta y dos
seiscientos sesenta y tres
seiscientos sesenta y cuatro
seiscientos sesenta y cinco
seiscientos sesenta y seis
seiscientos sesenta y siete
seiscientos sesenta y ocho
seiscientos sesenta y nueve
seiscientos setenta
seiscientos setenta y uno
seiscientos setenta y dos
seiscientos setenta y tres
seiscientos setenta y cuatro
seiscientos setenta y cinco
seiscientos setenta y seis
seiscientos setenta y siete
seiscientos setenta y ocho
seiscientos setenta y nueve
seiscientos ochenta
seiscientos ochenta y uno
seiscientos ochenta y dos
seiscientos ochenta y tres
seiscientos ochenta y cuatro
seiscientos ochenta y cinco
seiscientos ochenta y seis
seiscientos ochenta y siete
seiscientos ochenta y ocho
seiscientos ochenta y nueve
seiscientos noventa
seiscientos noventa y uno
seiscientos noventa y dos
seiscientos noventa y tres
seiscientos noventa y cuatro
seiscientos noventa y cinco
seiscientos noventa y seis
seiscientos noventa y siete
seiscientos noventa y ocho
seiscientos noventa y nueve
setecientos
setecientos uno
setecientos dos
setecientos tres
setecientos cuatro
setecientos cinco
setecientos seis
setecientos siete
setecientos ocho
setecientos nueve
setecientos diez
setecientos once
setecientos doce
setecientos trece
setecientos catorce
setecientos quince
setecientos dieciseis
setecientos diecisiete
setecientos dieciocho
setecientos diecinueve
setecientos veinte
setecientos veintiuno
setecientos veintidos
setecientos veintitres
setecientos veinticuatro
setecientos veinticinco
setecientos veintiseis
setecientos veintisiete
setecientos veintiocho
setecientos veintinueve
setecientos treinta
setecientos treinta y uno
setecientos treinta y dos
setecientos treinta y tres
setecientos treinta y cuatro
setecientos treinta y cinco
setecientos treinta y seis
setecientos treinta y siete
setecientos treinta y ocho
setecientos treinta y nueve
setecientos cuarenta
setecientos cuarenta y uno
setecientos cuarenta y dos
setecientos cuarenta y tres
setecientos cuarenta y cuatro
setecientos cuarenta y cinco
setecientos cuarenta y seis
setecientos cuarenta y siete
setecientos cuarenta y ocho
setecientos cuarenta y nueve
setecientos cincuenta
setecientos cincuenta y uno
setecientos cincuenta y dos
setecientos cincuenta y tres
setecientos cincuenta y cuatro
setecientos cincuenta y cinco
setecientos cincuenta y seis
setecientos cincuenta y siete
setecientos cincuenta y ocho
setecientos cincuenta y nueve
setecientos sesenta
setecientos sesenta y uno
setecientos sesenta y dos
setecientos sesenta y tres
setecientos sesenta y cuatro
setecientos sesenta y cinco
setecientos sesenta y seis
setecientos sesenta y siete
setecientos sesenta y ocho
setecientos sesenta y nueve
setecientos setenta
setecientos setenta y uno
setecientos setenta y dos
setecientos setenta y tres
setecientos setenta y cuatro
setecientos setenta y cinco
setecientos setenta y seis
setecientos setenta y siete
setecientos setenta y ocho
setecientos setenta y nueve
setecientos ochenta
setecientos ochenta y uno
setecientos ochenta y dos
setecientos ochenta y tres
setecientos ochenta y cuatro
setecientos ochenta y cinco
setecientos ochenta y seis
setecientos ochenta y siete
setecientos ochenta y ocho
setecientos ochenta y nueve
setecientos noventa
setecientos noventa y uno
setecientos noventa y dos
setecientos noventa y tres
setecientos noventa y cuatro
setecientos noventa y cinco
setecientos noventa y seis
setecientos noventa y siete
setecientos noventa y ocho
setecientos noventa y nueve
ochocientos
ochocientos uno
ochocientos dos
ochocientos tres
ochocientos cuatro
ochocientos cinco
ochocientos seis
ochocientos siete
ochocientos ocho
ochocientos nueve
ochocientos diez
ochocientos once
ochocientos doce
ochocientos trece
ochocientos catorce
ochocientos quince
ochocientos dieciseis
ochocientos diecisiete
ochocientos dieciocho
ochocientos diecinueve
ochocientos veinte
ochocientos veintiuno
ochocientos veintidos
ochocientos veintitres
ochocientos veinticuatro
ochocientos veinticinco
ochocientos veintiseis
ochocientos veintisiete
ochocientos veintiocho
ochocientos veintinueve
ochocientos treinta
ochocientos treinta y uno
ochocientos treinta y dos
ochocientos treinta y tres
ochocientos treinta y cuatro
ochocientos treinta y cinco
ochocientos treinta y seis
ochocientos treinta y siete
ochocientos treinta y ocho
ochocientos treinta y nueve
ochocientos cuarenta
ochocientos cuarenta y uno
ochocientos cuarenta y dos
ochocientos cuarenta y tres
ochocientos cuarenta y cuatro
ochocientos cuarenta y cinco
ochocientos cuarenta y seis
ochocientos cuarenta y siete
ochocientos cuarenta y ocho
ochocientos cuarenta y nueve
ochocientos cincuenta
ochocientos cincuenta y uno
ochocientos cincuenta y dos
ochocientos cincuenta y tres
ochocientos cincuenta y cuatro
ochocientos cincuenta y cinco
ochocientos cincuenta y seis
ochocientos cincuenta y siete
ochocientos cincuenta y ocho
ochocientos cincuenta y nueve
ochocientos sesenta
ochocientos sesenta y uno
ochocientos sesenta y dos
ochocientos sesenta y tres
ochocientos sesenta y cuatro
ochocientos sesenta y cinco
ochocientos sesenta y seis
ochocientos sesenta y siete
ochocientos sesenta y ocho
ochocientos sesenta y nueve
ochocientos setenta
ochocientos setenta y uno
ochocientos setenta y dos
ochocientos setenta y tres
ochocientos setenta y cuatro
ochocientos setenta y cinco
ochocientos setenta y seis
ochocientos setenta y siete
ochocientos setenta y ocho
ochocientos setenta y nueve
ochocientos ochenta
ochocientos ochenta y uno
ochocientos ochenta y dos
ochocientos ochenta y tres
ochocientos ochenta y cuatro
ochocientos ochenta y cinco
ochocientos ochenta y seis
ochocientos ochenta y siete
ochocientos ochenta y ocho
ochocientos ochenta y nueve
ochocientos noventa
ochocientos noventa y uno
ochocientos noventa y dos
ochocientos noventa y tres
ochocientos noventa y cuatro
ochocientos noventa y cinco
ochocientos noventa y seis
ochocientos noventa y siete
ochocientos noventa y ocho
ochocientos noventa y nueve
novecientos
novecientos uno
novecientos dos
novecientos tres
novecientos cuatro
novecientos cinco
novecientos seis
novecientos siete
novecientos ocho
novecientos nueve
novecientos diez
novecientos once
novecientos doce
novecientos trece
novecientos catorce
novecientos quince
novecientos dieciseis
novecientos diecisiete
novecientos dieciocho
novecientos diecinueve
novecientos veinte
novecientos veintiuno
novecientos veintidos
novecientos veintitres
novecientos veinticuatro
novecientos veinticinco
novecientos veintiseis
novecientos veintisiete
novecientos veintiocho
novecientos veintinueve
novecientos treinta
novecientos treinta y uno
novecientos treinta y dos
novecientos treinta y tres
novecientos treinta y cuatro
novecientos treinta y cinco
novecientos treinta y seis
novecientos treinta y siete
novecientos treinta y ocho
novecientos treinta y nueve
novecientos cuarenta
novecientos cuarenta y uno
novecientos cuarenta y dos
novecientos cuarenta y tres
novecientos cuarenta y cuatro
novecientos cuarenta y cinco
novecientos cuarenta y seis
novecientos cuarenta y siete
novecientos cuarenta y ocho
novecientos cuarenta y nueve
novecientos cincuenta
novecientos cincuenta y uno
novecientos cincuenta y dos
novecientos cincuenta y tres
novecientos cincuenta y cuatro
novecientos cincuenta y cinco
novecientos cincuenta y seis
novecientos cincuenta y siete
novecientos cincuenta y ocho
novecientos cincuenta y nueve
novecientos sesenta
novecientos sesenta y uno
novecientos sesenta y dos
novecientos sesenta y tres
novecientos sesenta y cuatro
novecientos sesenta y cinco
novecientos sesenta y seis
novecientos sesenta y siete
novecientos sesenta y ocho
novecientos sesenta y nueve
novecientos setenta
novecientos setenta y uno
novecientos setenta y dos
novecientos setenta y tres
novecientos setenta y cuatro
novecientos setenta y cinco
novecientos setenta y seis
novecientos setenta y siete
novecientos setenta y ocho
novecientos setenta y nueve
novecientos ochenta
novecientos ochenta y uno
novecientos ochenta y dos
novecientos ochenta y tres
novecientos ochenta y cuatro
novecientos ochenta y cinco
novecientos ochenta y seis
novecientos ochenta y siete
novecientos ochenta y ocho
novecientos ochenta y nueve
novecientos noventa
novecientos noventa y uno
novecientos noventa y dos
novecientos noventa y tres
novecientos noventa y cuatro
novecientos noventa y cinco
novecientos noventa y seis
novecientos noventa y siete
novecientos noventa y ocho
novecientos noventa y nueve
mil
mil uno
mil dos
mil tres
mil cuatro
mil cinco
mil seis
mil siete
mil ocho
mil nueve
mil diez
mil once
mil doce
mil trece
mil catorce
mil quince
mil dieciseis
mil diecisiete
mil dieciocho
mil diecinueve
mil veinte
mil veintiuno
mil veintidos
mil veintitres
mil veinticuatro
mil veinticinco
mil veintiseis
mil veintisiete
mil veintiocho
mil veintinueve
mil treinta
mil treinta y uno
mil treinta y dos
mil treinta y tres
mil treinta y cuatro
mil treinta y cinco
mil treinta y seis
mil treinta y siete
mil treinta y ocho
mil treinta y nueve
mil cuarenta
mil cuarenta y uno
mil cuarenta y dos
mil cuarenta y tres
mil cuarenta y cuatro
mil cuarenta y cinco
mil cuarenta y seis
mil cuarenta y siete
mil cuarenta y ocho
mil cuarenta y nueve
mil cincuenta
mil cincuenta y uno
mil cincuenta y dos
mil cincuenta y tres
mil cincuenta y cuatro
mil cincuenta y cinco
mil cincuenta y seis
mil cincuenta y siete
mil cincuenta y ocho
mil cincuenta y nueve
mil sesenta
mil sesenta y uno
mil sesenta y dos
mil sesenta y tres
mil sesenta y cuatro
mil sesenta y cinco
mil sesenta y seis
mil sesenta y siete
mil sesenta y ocho
mil sesenta y nueve
mil setenta
mil setenta y uno
mil setenta y dos
mil setenta y tres
mil setenta y cuatro
mil setenta y cinco
mil setenta y seis
mil setenta y siete
mil setenta y ocho
mil setenta y nueve
mil ochenta
mil ochenta y uno
mil ochenta y dos
mil ochenta y tres
mil ochenta y cuatro
mil ochenta y cinco
mil ochenta y seis
mil ochenta y siete
mil ochenta y ocho
mil ochenta y nueve
mil noventa
mil noventa y uno
mil noventa y dos
mil noventa y tres
mil noventa y cuatro
mil noventa y cinco
mil noventa y seis
mil noventa y siete
mil noventa y ocho
mil noventa y nueve
mil cien
mil ciento uno
mil ciento dos
mil ciento tres
mil ciento cuatro
mil ciento cinco
mil ciento seis
mil ciento siete
mil ciento ocho
mil ciento nueve
mil ciento diez
mil ciento once
mil ciento doce
mil ciento trece
mil ciento catorce
mil ciento quince
mil ciento dieciseis
mil ciento diecisiete
mil ciento dieciocho
mil ciento diecinueve
mil ciento veinte
mil ciento veintiuno
mil ciento veintidos
mil ciento veintitres
mil ciento veinticuatro
mil ciento veinticinco
mil ciento veintiseis
mil ciento veintisiete
mil ciento veintiocho
mil ciento veintinueve
mil ciento treinta
mil ciento treinta y uno
mil ciento treinta y dos
mil ciento treinta y tres
mil ciento treinta y cuatro
mil ciento treinta y cinco
mil ciento treinta y seis
mil ciento treinta y siete
mil ciento treinta y ocho
mil ciento treinta y nueve
mil ciento cuarenta
mil ciento cuarenta y uno
mil ciento cuarenta y dos
mil ciento cuarenta y tres
mil ciento cuarenta y cuatro
mil ciento cuarenta y cinco
mil ciento cuarenta y seis
mil ciento cuarenta y siete
mil ciento cuarenta y ocho
mil ciento cuarenta y nueve
mil ciento cincuenta
mil ciento cincuenta y uno
mil ciento cincuenta y dos
mil ciento cincuenta y tres
mil ciento cincuenta y cuatro
mil ciento cincuenta y cinco
mil ciento cincuenta y seis
mil ciento cincuenta y siete
mil ciento cincuenta y ocho
mil ciento cincuenta y nueve
mil ciento sesenta
mil ciento sesenta y uno
mil ciento sesenta y dos
mil ciento sesenta y tres
mil ciento sesenta y cuatro
mil ciento sesenta y cinco
mil ciento sesenta y seis
mil ciento sesenta y siete
mil ciento sesenta y ocho
mil ciento sesenta y nueve
mil ciento setenta
mil ciento setenta y uno
mil ciento setenta y dos
mil ciento setenta y tres
mil ciento setenta y cuatro
mil ciento setenta y cinco
mil ciento setenta y seis
mil ciento setenta y siete
mil ciento setenta y ocho
mil ciento setenta y nueve
mil ciento ochenta
mil ciento ochenta y uno
mil ciento ochenta y dos
mil ciento ochenta y tres
mil ciento ochenta y cuatro
mil ciento ochenta y cinco
mil ciento ochenta y seis
mil ciento ochenta y siete
mil ciento ochenta y ocho
mil ciento ochenta y nueve
mil ciento noventa
mil ciento noventa y uno
mil ciento noventa y dos
mil ciento noventa y tres
mil ciento noventa y cuatro
mil ciento noventa y cinco
mil ciento noventa y seis
mil ciento noventa y siete
mil ciento noventa y ocho
mil ciento noventa y nueve
mil doscientos
mil doscientos uno
mil doscientos dos
mil doscientos tres
mil doscientos cuatro
mil doscientos cinco
mil doscientos seis
mil doscientos siete
mil doscientos ocho
mil doscientos nueve
mil doscientos diez
mil doscientos once
mil doscientos doce
mil doscientos trece
mil doscientos catorce
mil doscientos quince
mil doscientos dieciseis
mil doscientos diecisiete
mil doscientos dieciocho
mil doscientos diecinueve
mil doscientos veinte
mil doscientos veintiuno
mil doscientos veintidos
mil doscientos veintitres
mil doscientos veinticuatro
mil doscientos veinticinco
mil doscientos veintiseis
mil doscientos veintisiete
mil doscientos veintiocho
mil doscientos veintinueve
mil doscientos treinta
mil doscientos treinta y uno
mil doscientos treinta y dos
mil doscientos treinta y tres
mil doscientos treinta y cuatro
mil doscientos treinta y cinco
mil doscientos treinta y seis
mil doscientos treinta y siete
mil doscientos treinta y ocho
mil doscientos treinta y nueve
mil doscientos cuarenta
mil doscientos cuarenta y uno
mil doscientos cuarenta y dos
mil doscientos cuarenta y tres
mil doscientos cuarenta y cuatro
mil doscientos cuarenta y cinco
mil doscientos cuarenta y seis
mil doscientos cuarenta y siete
mil doscientos cuarenta y ocho
mil doscientos cuarenta y nueve
mil doscientos cincuenta
mil doscientos cincuenta y uno
mil doscientos cincuenta y dos
mil doscientos cincuenta y tres
mil doscientos cincuenta y cuatro
mil doscientos cincuenta y cinco
mil doscientos cincuenta y seis
mil doscientos cincuenta y siete
mil doscientos cincuenta y ocho
mil doscientos cincuenta y nueve
mil doscientos sesenta
mil doscientos sesenta y uno
mil doscientos sesenta y dos
mil doscientos sesenta y tres
mil doscientos sesenta y cuatro
mil doscientos sesenta y cinco
mil doscientos sesenta y seis
mil doscientos sesenta y siete
mil doscientos sesenta y ocho
mil doscientos sesenta y nueve
mil doscientos setenta
mil doscientos setenta y uno
mil doscientos setenta y dos
mil doscientos setenta y tres
mil doscientos setenta y cuatro
mil doscientos setenta y cinco
mil doscientos setenta y seis
mil doscientos setenta y siete
mil doscientos setenta y ocho
mil doscientos setenta y nueve
mil doscientos ochenta
mil doscientos ochenta y uno
mil doscientos ochenta y dos
mil doscientos ochenta y tres
mil doscientos ochenta y cuatro
mil doscientos ochenta y cinco
mil doscientos ochenta y seis
mil doscientos ochenta y siete
mil doscientos ochenta y ocho
mil doscientos ochenta y nueve
mil doscientos noventa
mil doscientos noventa y uno
mil doscientos noventa y dos
mil doscientos noventa y tres
mil doscientos noventa y cuatro
mil doscientos noventa y cinco
mil doscientos noventa y seis
mil doscientos noventa y siete
mil doscientos noventa y ocho
mil doscientos noventa y nueve
mil trescientos
mil trescientos uno
mil trescientos dos
mil trescientos tres
mil trescientos cuatro
mil trescientos cinco
mil trescientos seis
mil trescientos siete
mil trescientos ocho
mil trescientos nueve
mil trescientos diez
mil trescientos once
mil trescientos doce
mil trescientos trece
mil trescientos catorce
mil trescientos quince
mil trescientos dieciseis
mil trescientos diecisiete
mil trescientos dieciocho
mil trescientos diecinueve
mil trescientos veinte
mil trescientos veintiuno
mil trescientos veintidos
mil trescientos veintitres
mil trescientos veinticuatro
mil trescientos veinticinco
mil trescientos veintiseis
mil trescientos veintisiete
mil trescientos veintiocho
mil trescientos veintinueve
mil trescientos treinta
mil trescientos treinta y uno
mil trescientos treinta y dos
mil trescientos treinta y tres
mil trescientos treinta y cuatro
mil trescientos treinta y cinco
mil trescientos treinta y seis
mil trescientos treinta y siete
mil trescientos treinta y ocho
mil trescientos treinta y nueve
mil trescientos cuarenta
mil trescientos cuarenta y uno
mil trescientos cuarenta y dos
mil trescientos cuarenta y tres
mil trescientos cuarenta y cuatro
mil trescientos cuarenta y cinco
mil trescientos cuarenta y seis
mil trescientos cuarenta y siete
mil trescientos cuarenta y ocho
mil trescientos cuarenta y nueve
mil trescientos cincuenta
mil trescientos cincuenta y uno
mil trescientos cincuenta y dos
mil trescientos cincuenta y tres
mil trescientos cincuenta y cuatro
mil trescientos cincuenta y cinco
mil trescientos cincuenta y seis
mil trescientos cincuenta y siete
mil trescientos cincuenta y ocho
mil trescientos cincuenta y nueve
mil trescientos sesenta
mil trescientos sesenta y uno
mil trescientos sesenta y dos
mil trescientos sesenta y tres
mil trescientos sesenta y cuatro
mil trescientos sesenta y cinco
mil trescientos sesenta y seis
mil trescientos sesenta y siete
mil trescientos sesenta y ocho
mil trescientos sesenta y nueve
mil trescientos setenta
mil trescientos setenta y uno
mil trescientos setenta y dos
mil trescientos setenta y tres
mil trescientos setenta y cuatro
mil trescientos setenta y cinco
mil trescientos setenta y seis
mil trescientos setenta y siete
mil trescientos setenta y ocho
mil trescientos setenta y nueve
mil trescientos ochenta
mil trescientos ochenta y uno
mil trescientos ochenta y dos
mil trescientos ochenta y tres
mil trescientos ochenta y cuatro
mil trescientos ochenta y cinco
mil trescientos ochenta y seis
mil trescientos ochenta y siete
mil trescientos ochenta y ocho
mil trescientos ochenta y nueve
mil trescientos noventa
mil trescientos noventa y uno
mil trescientos noventa y dos
mil trescientos noventa y tres
mil trescientos noventa y cuatro
mil trescientos noventa y cinco
mil trescientos noventa y seis
mil trescientos noventa y siete
mil trescientos noventa y ocho
mil trescientos noventa y nueve
mil cuatrocientos
mil cuatrocientos uno
mil cuatrocientos dos
mil cuatrocientos tres
mil cuatrocientos cuatro
mil cuatrocientos cinco
mil cuatrocientos seis
mil cuatrocientos siete
mil cuatrocientos ocho
mil cuatrocientos nueve
mil cuatrocientos diez
mil cuatrocientos once
mil cuatrocientos doce
mil cuatrocientos trece
mil cuatrocientos catorce
mil cuatrocientos quince
mil cuatrocientos dieciseis
mil cuatrocientos diecisiete
mil cuatrocientos dieciocho
mil cuatrocientos diecinueve
mil cuatrocientos veinte
mil cuatrocientos veintiuno
mil cuatrocientos veintidos
mil cuatrocientos veintitres
mil cuatrocientos veinticuatro
mil cuatrocientos veinticinco
mil cuatrocientos veintiseis
mil cuatrocientos veintisiete
mil cuatrocientos veintiocho
mil cuatrocientos veintinueve
mil cuatrocientos treinta
mil cuatrocientos treinta y uno
mil cuatrocientos treinta y dos
mil cuatrocientos treinta y tres
mil cuatrocientos treinta y cuatro
mil cuatrocientos treinta y cinco
mil cuatrocientos treinta y seis
mil cuatrocientos treinta y siete
mil cuatrocientos treinta y ocho
mil cuatrocientos treinta y nueve
mil cuatrocientos cuarenta
mil cuatrocientos cuarenta y uno
mil cuatrocientos cuarenta y dos
mil cuatrocientos cuarenta y tres
mil cuatrocientos cuarenta y cuatro
mil cuatrocientos cuarenta y cinco
mil cuatrocientos cuarenta y seis
mil cuatrocientos cuarenta y siete
mil cuatrocientos cuarenta y ocho
mil cuatrocientos cuarenta y nueve
mil cuatrocientos cincuenta
mil cuatrocientos cincuenta y uno
mil cuatrocientos cincuenta y dos
mil cuatrocientos cincuenta y tres
mil cuatrocientos cincuenta y cuatro
mil cuatrocientos cincuenta y cinco
mil cuatrocientos cincuenta y seis
mil cuatrocientos cincuenta y siete
mil cuatrocientos cincuenta y ocho
mil cuatrocientos cincuenta y nueve
mil cuatrocientos sesenta
mil cuatrocientos sesenta y uno
mil cuatrocientos sesenta y dos
mil cuatrocientos sesenta y tres
mil cuatrocientos sesenta y cuatro
mil cuatrocientos sesenta y cinco
mil cuatrocientos sesenta y seis
mil cuatrocientos sesenta y siete
mil cuatrocientos sesenta y ocho
mil cuatrocientos sesenta y nueve
mil cuatrocientos setenta
mil cuatrocientos setenta y uno
mil cuatrocientos setenta y dos
mil cuatrocientos setenta y tres
mil cuatrocientos setenta y cuatro
mil cuatrocientos setenta y cinco
mil cuatrocientos setenta y seis
mil cuatrocientos setenta y siete
mil cuatrocientos setenta y ocho
mil cuatrocientos setenta y nueve
mil cuatrocientos ochenta
mil cuatrocientos ochenta y uno
mil cuatrocientos ochenta y dos
mil cuatrocientos ochenta y tres
mil cuatrocientos ochenta y cuatro
mil cuatrocientos ochenta y cinco
mil cuatrocientos ochenta y seis
mil cuatrocientos ochenta y siete
mil cuatrocientos ochenta y ocho
mil cuatrocientos ochenta y nueve
mil cuatrocientos noventa
mil cuatrocientos noventa y uno
mil cuatrocientos noventa y dos
mil cuatrocientos noventa y tres
mil cuatrocientos noventa y cuatro
mil cuatrocientos noventa y cinco
mil cuatrocientos noventa y seis
mil cuatrocientos noventa y siete
mil cuatrocientos noventa y ocho
mil cuatrocientos noventa y nueve
mil quinientos
mil quinientos uno
mil quinientos dos
mil quinientos tres
mil quinientos cuatro
mil quinientos cinco
mil quinientos seis
mil quinientos siete
mil quinientos ocho
mil quinientos nueve
mil quinientos diez
mil quinientos once
mil quinientos doce
mil quinientos trece
mil quinientos catorce
mil quinientos quince
mil quinientos dieciseis
mil quinientos diecisiete
mil quinientos dieciocho
mil quinientos diecinueve
mil quinientos veinte
mil quinientos veintiuno
mil quinientos veintidos
mil quinientos veintitres
mil quinientos veinticuatro
mil quinientos veinticinco
mil quinientos veintiseis
mil quinientos veintisiete
mil quinientos veintiocho
mil quinientos veintinueve
mil quinientos treinta
mil quinientos treinta y uno
mil quinientos treinta y dos
mil quinientos treinta y tres
mil quinientos treinta y cuatro
mil quinientos treinta y cinco
mil quinientos treinta y seis
mil quinientos treinta y siete
mil quinientos treinta y ocho
mil quinientos treinta y nueve
mil quinientos cuarenta
mil quinientos cuarenta y uno
mil quinientos cuarenta y dos
mil quinientos cuarenta y tres
mil quinientos cuarenta y cuatro
mil quinientos cuarenta y cinco
mil quinientos cuarenta y seis
mil quinientos cuarenta y siete
mil quinientos cuarenta y ocho
mil quinientos cuarenta y nueve
mil quinientos cincuenta
mil quinientos cincuenta y uno
mil quinientos cincuenta y dos
mil quinientos cincuenta y tres
mil quinientos cincuenta y cuatro
mil quinientos cincuenta y cinco
mil quinientos cincuenta y seis
mil quinientos cincuenta y siete
mil quinientos cincuenta y ocho
mil quinientos cincuenta y nueve
mil quinientos sesenta
mil quinientos sesenta y uno
mil quinientos sesenta y dos
mil quinientos sesenta y tres
mil quinientos sesenta y cuatro
mil quinientos sesenta y cinco
mil quinientos sesenta y seis
mil quinientos sesenta y siete
mil quinientos sesenta y ocho
mil quinientos sesenta y nueve
mil quinientos setenta
mil quinientos setenta y uno
mil quinientos setenta y dos
mil quinientos setenta y tres
mil quinientos setenta y cuatro
mil quinientos setenta y cinco
mil quinientos setenta y seis
mil quinientos setenta y siete
mil quinientos setenta y ocho
mil quinientos setenta y nueve
mil quinientos ochenta
mil quinientos ochenta y uno
mil quinientos ochenta y dos
mil quinientos ochenta y tres
mil quinientos ochenta y cuatro
mil quinientos ochenta y cinco
mil quinientos ochenta y seis
mil quinientos ochenta y siete
mil quinientos ochenta y ocho
mil quinientos ochenta y nueve
mil quinientos noventa
mil quinientos noventa y uno
mil quinientos noventa y dos
mil quinientos noventa y tres
mil quinientos noventa y cuatro
mil quinientos noventa y cinco
mil quinientos noventa y seis
mil quinientos noventa y siete
mil quinientos noventa y ocho
mil quinientos noventa y nueve
mil seiscientos
mil seiscientos uno
mil seiscientos dos
mil seiscientos tres
mil seiscientos cuatro
mil seiscientos cinco
mil seiscientos seis
mil seiscientos siete
mil seiscientos ocho
mil seiscientos nueve
mil seiscientos diez
mil seiscientos once
mil seiscientos doce
mil seiscientos trece
mil seiscientos catorce
mil seiscientos quince
mil seiscientos dieciseis
mil seiscientos diecisiete
mil seiscientos dieciocho
mil seiscientos diecinueve
mil seiscientos veinte
mil seiscientos veintiuno
mil seiscientos veintidos
mil seiscientos veintitres
mil seiscientos veinticuatro
mil seiscientos veinticinco
mil seiscientos veintiseis
mil seiscientos veintisiete
mil seiscientos veintiocho
mil seiscientos veintinueve
mil seiscientos treinta
mil seiscientos treinta y uno
mil seiscientos treinta y dos
mil seiscientos treinta y tres
mil seiscientos treinta y cuatro
mil seiscientos treinta y cinco
mil seiscientos treinta y seis
mil seiscientos treinta y siete
mil seiscientos treinta y ocho
mil seiscientos treinta y nueve
mil seiscientos cuarenta
mil seiscientos cuarenta y uno
mil seiscientos cuarenta y dos
mil seiscientos cuarenta y tres
mil seiscientos cuarenta y cuatro
mil seiscientos cuarenta y cinco
mil seiscientos cuarenta y seis
mil seiscientos cuarenta y siete
mil seiscientos cuarenta y ocho
mil seiscientos cuarenta y nueve
mil seiscientos cincuenta
mil seiscientos cincuenta y uno
mil seiscientos cincuenta y dos
mil seiscientos cincuenta y tres
mil seiscientos cincuenta y cuatro
mil seiscientos cincuenta y cinco
mil seiscientos cincuenta y seis
mil seiscientos cincuenta y siete
mil seiscientos cincuenta y ocho
mil seiscientos cincuenta y nueve
mil seiscientos sesenta
mil seiscientos sesenta y uno
mil seiscientos sesenta y dos
mil seiscientos sesenta y tres
mil seiscientos sesenta y cuatro
mil seiscientos sesenta y cinco
mil seiscientos sesenta y seis
mil seiscientos sesenta y siete
mil seiscientos sesenta y ocho
mil seiscientos sesenta y nueve
mil seiscientos setenta
mil seiscientos setenta y uno
mil seiscientos setenta y dos
mil seiscientos setenta y tres
mil seiscientos setenta y cuatro
mil seiscientos setenta y cinco
mil seiscientos setenta y seis
mil seiscientos setenta y siete
mil seiscientos setenta y ocho
mil seiscientos setenta y nueve
mil seiscientos ochenta
mil seiscientos ochenta y uno
mil seiscientos ochenta y dos
mil seiscientos ochenta y tres
mil seiscientos ochenta y cuatro
mil seiscientos ochenta y cinco
mil seiscientos ochenta y seis
mil seiscientos ochenta y siete
mil seiscientos ochenta y ocho
mil seiscientos ochenta y nueve
mil seiscientos noventa
mil seiscientos noventa y uno
mil seiscientos noventa y dos
mil seiscientos noventa y tres
mil seiscientos noventa y cuatro
mil seiscientos noventa y cinco
mil seiscientos noventa y seis
mil seiscientos noventa y siete
mil seiscientos noventa y ocho
mil seiscientos noventa y nueve
mil setecientos
mil setecientos uno
mil setecientos dos
mil setecientos tres
mil setecientos cuatro
mil setecientos cinco
mil setecientos seis
mil setecientos siete
mil setecientos ocho
mil setecientos nueve
mil setecientos diez
mil setecientos once
mil setecientos doce
mil setecientos trece
mil setecientos catorce
mil setecientos quince
mil setecientos dieciseis
mil setecientos diecisiete
mil setecientos dieciocho
mil setecientos diecinueve
mil setecientos veinte
mil setecientos veintiuno
mil setecientos veintidos
mil setecientos veintitres
mil setecientos veinticuatro
mil setecientos veinticinco
mil setecientos veintiseis
mil setecientos veintisiete
mil setecientos veintiocho
mil setecientos veintinueve
mil setecientos treinta
mil setecientos treinta y uno
mil setecientos treinta y dos
mil setecientos treinta y tres
mil setecientos treinta y cuatro
mil setecientos treinta y cinco
mil setecientos treinta y seis
mil setecientos treinta y siete
mil setecientos treinta y ocho
mil setecientos treinta y nueve
mil setecientos cuarenta
mil setecientos cuarenta y uno
mil setecientos cuarenta y dos
mil setecientos cuarenta y tres
mil setecientos cuarenta y cuatro
mil setecientos cuarenta y cinco
mil setecientos cuarenta y seis
mil setecientos cuarenta y siete
mil setecientos cuarenta y ocho
mil setecientos cuarenta y nueve
mil setecientos cincuenta
mil setecientos cincuenta y uno
mil setecientos cincuenta y dos
mil setecientos cincuenta y tres
mil setecientos cincuenta y cuatro
mil setecientos cincuenta y cinco
mil setecientos cincuenta y seis
mil setecientos cincuenta y siete
mil setecientos cincuenta y ocho
mil setecientos cincuenta y nueve
mil setecientos sesenta
mil setecientos sesenta y uno
mil setecientos sesenta y dos
mil setecientos sesenta y tres
mil setecientos sesenta y cuatro
mil setecientos sesenta y cinco
mil setecientos sesenta y seis
mil setecientos sesenta y siete
mil setecientos sesenta y ocho
mil setecientos sesenta y nueve
mil setecientos setenta
mil setecientos setenta y uno
mil setecientos setenta y dos
mil setecientos setenta y tres
mil setecientos setenta y cuatro
mil setecientos setenta y cinco
mil setecientos setenta y seis
mil setecientos setenta y siete
mil setecientos setenta y ocho
mil setecientos setenta y nueve
mil setecientos ochenta
mil setecientos ochenta y uno
mil setecientos ochenta y dos
mil setecientos ochenta y tres
mil setecientos ochenta y cuatro
mil setecientos ochenta y cinco
mil setecientos ochenta y seis
mil setecientos ochenta y siete
mil setecientos ochenta y ocho
mil setecientos ochenta y nueve
mil setecientos noventa
mil setecientos noventa y uno
mil setecientos noventa y dos
mil setecientos noventa y tres
mil setecientos noventa y cuatro
mil setecientos noventa y cinco
mil setecientos noventa y seis
mil setecientos noventa y siete
mil setecientos noventa y ocho
mil setecientos noventa y nueve
mil ochocientos
mil ochocientos uno
mil ochocientos dos
mil ochocientos tres
mil ochocientos cuatro
mil ochocientos cinco
mil ochocientos seis
mil ochocientos siete
mil ochocientos ocho
mil ochocientos nueve
mil ochocientos diez
mil ochocientos once
mil ochocientos doce
mil ochocientos trece
mil ochocientos catorce
mil ochocientos quince
mil ochocientos dieciseis
mil ochocientos diecisiete
mil ochocientos dieciocho
mil ochocientos diecinueve
mil ochocientos veinte
mil ochocientos veintiuno
mil ochocientos veintidos
mil ochocientos veintitres
mil ochocientos veinticuatro
mil ochocientos veinticinco
mil ochocientos veintiseis
mil ochocientos veintisiete
mil ochocientos veintiocho
mil ochocientos veintinueve
mil ochocientos treinta
mil ochocientos treinta y uno
mil ochocientos treinta y dos
mil ochocientos treinta y tres
mil ochocientos treinta y cuatro
mil ochocientos treinta y cinco
mil ochocientos treinta y seis
mil ochocientos treinta y siete
mil ochocientos treinta y ocho
mil ochocientos treinta y nueve
mil ochocientos cuarenta
mil ochocientos cuarenta y uno
mil ochocientos cuarenta y dos
mil ochocientos cuarenta y tres
mil ochocientos cuarenta y cuatro
mil ochocientos cuarenta y cinco
mil ochocientos cuarenta y seis
mil ochocientos cuarenta y siete
mil ochocientos cuarenta y ocho
mil ochocientos cuarenta y nueve
mil ochocientos cincuenta
mil ochocientos cincuenta y uno
mil ochocientos cincuenta y dos
mil ochocientos cincuenta y tres
mil ochocientos cincuenta y cuatro
mil ochocientos cincuenta y cinco
mil ochocientos cincuenta y seis
mil ochocientos cincuenta y siete
mil ochocientos cincuenta y ocho
mil ochocientos cincuenta y nueve
mil ochocientos sesenta
mil ochocientos sesenta y uno
mil ochocientos sesenta y dos
mil ochocientos sesenta y tres
mil ochocientos sesenta y cuatro
mil ochocientos sesenta y cinco
mil ochocientos sesenta y seis
mil ochocientos sesenta y siete
mil ochocientos sesenta y ocho
mil ochocientos sesenta y nueve
mil ochocientos setenta
mil ochocientos setenta y uno
mil ochocientos setenta y dos
mil ochocientos setenta y tres
mil ochocientos setenta y cuatro
mil ochocientos setenta y cinco
mil ochocientos setenta y seis
mil ochocientos setenta y siete
mil ochocientos setenta y ocho
mil ochocientos setenta y nueve
mil ochocientos ochenta
mil ochocientos ochenta y uno
mil ochocientos ochenta y dos
mil ochocientos ochenta y tres
mil ochocientos ochenta y cuatro
mil ochocientos ochenta y cinco
mil ochocientos ochenta y seis
mil ochocientos ochenta y siete
mil ochocientos ochenta y ocho
mil ochocientos ochenta y nueve
mil ochocientos noventa
mil ochocientos noventa y uno
mil ochocientos noventa y dos
mil ochocientos noventa y tres
mil ochocientos noventa y cuatro
mil ochocientos noventa y cinco
mil ochocientos noventa y seis
mil ochocientos noventa y siete
mil ochocientos noventa y ocho
mil ochocientos noventa y nueve
mil novecientos
mil novecientos uno
mil novecientos dos
mil novecientos tres
mil novecientos cuatro
mil novecientos cinco
mil novecientos seis
mil novecientos siete
mil novecientos ocho
mil novecientos nueve
mil novecientos diez
mil novecientos once
mil novecientos doce
mil novecientos trece
mil novecientos catorce
mil novecientos quince
mil novecientos dieciseis
mil novecientos diecisiete
mil novecientos dieciocho
mil novecientos diecinueve
mil novecientos veinte
mil novecientos veintiuno
mil novecientos veintidos
mil novecientos veintitres
mil novecientos veinticuatro
mil novecientos veinticinco
mil novecientos veintiseis
mil novecientos veintisiete
mil novecientos veintiocho
mil novecientos veintinueve
mil novecientos treinta
mil novecientos treinta y uno
mil novecientos treinta y dos
mil novecientos treinta y tres
mil novecientos treinta y cuatro
mil novecientos treinta y cinco
mil novecientos treinta y seis
mil novecientos treinta y siete
mil novecientos treinta y ocho
mil novecientos treinta y nueve
mil novecientos cuarenta
mil novecientos cuarenta y uno
mil novecientos cuarenta y dos
mil novecientos cuarenta y tres
mil novecientos cuarenta y cuatro
mil novecientos cuarenta y cinco
mil novecientos cuarenta y seis
mil novecientos cuarenta y siete
mil novecientos cuarenta y ocho
mil novecientos cuarenta y nueve
mil novecientos cincuenta
mil novecientos cincuenta y uno
mil novecientos cincuenta y dos
mil novecientos cincuenta y tres
mil novecientos cincuenta y cuatro
mil novecientos cincuenta y cinco
mil novecientos cincuenta y seis
mil novecientos cincuenta y siete
mil novecientos cincuenta y ocho
mil novecientos cincuenta y nueve
mil novecientos sesenta
mil novecientos sesenta y uno
mil novecientos sesenta y dos
mil novecientos sesenta y tres
mil novecientos sesenta y cuatro
mil novecientos sesenta y cinco
mil novecientos sesenta y seis
mil novecientos sesenta y siete
mil novecientos sesenta y ocho
mil novecientos sesenta y nueve
mil novecientos setenta
mil novecientos setenta y uno
mil novecientos setenta y dos
mil novecientos setenta y tres
mil novecientos setenta y cuatro
mil novecientos setenta y cinco
mil novecientos setenta y seis
mil novecientos setenta y siete
mil novecientos setenta y ocho
mil novecientos setenta y nueve
mil novecientos ochenta
mil novecientos ochenta y uno
mil novecientos ochenta y dos
mil novecientos ochenta y tres
mil novecientos ochenta y cuatro
mil novecientos ochenta y cinco
mil novecientos ochenta y seis
mil novecientos ochenta y siete
mil novecientos ochenta y ocho
mil novecientos ochenta y nueve
mil novecientos noventa
mil novecientos noventa y uno
mil novecientos noventa y dos
mil novecientos noventa y tres
mil novecientos noventa y cuatro
mil novecientos noventa y cinco
mil novecientos noventa y seis
mil novecientos noventa y siete
mil novecientos noventa y ocho
mil novecientos noventa y nueve
dos mil
dos mil uno
dos mil dos
dos mil tres
dos mil cuatro
dos mil cinco
dos mil seis
dos mil siete
dos mil ocho
dos mil nueve
dos mil diez
dos mil once
dos mil doce
dos mil trece
dos mil catorce
dos mil quince
dos mil dieciseis
dos mil diecisiete
dos mil dieciocho
dos mil diecinueve
dos mil veinte
dos mil veintiuno
dos mil veintidos
dos mil veintitres
dos mil veinticuatro
dos mil veinticinco
dos mil veintiseis
dos mil veintisiete
dos mil veintiocho
dos mil veintinueve
dos mil treinta
dos mil treinta y uno
dos mil treinta y dos
dos mil treinta y tres
dos mil treinta y cuatro
dos mil treinta y cinco
dos mil treinta y seis
dos mil treinta y siete
dos mil treinta y ocho
dos mil treinta y nueve
dos mil cuarenta
dos mil cuarenta y uno
dos mil cuarenta y dos
dos mil cuarenta y tres
dos mil cuarenta y cuatro
dos mil cuarenta y cinco
dos mil cuarenta y seis
dos mil cuarenta y siete
dos mil cuarenta y ocho
dos mil cuarenta y nueve
dos mil cincuenta
dos mil cincuenta y uno
dos mil cincuenta y dos
dos mil cincuenta y tres
dos mil cincuenta y cuatro
dos mil cincuenta y cinco
dos mil cincuenta y seis
dos mil cincuenta y siete
dos mil cincuenta y ocho
dos mil cincuenta y nueve
dos mil sesenta
dos mil sesenta y uno
dos mil sesenta y dos
dos mil sesenta y tres
dos mil sesenta y cuatro
dos mil sesenta y cinco
dos mil sesenta y seis
dos mil sesenta y siete
dos mil sesenta y ocho
dos mil sesenta y nueve
dos mil setenta
dos mil setenta y uno
dos mil setenta y dos
dos mil setenta y tres
dos mil setenta y cuatro
dos mil setenta y cinco
dos mil setenta y seis
dos mil setenta y siete
dos mil setenta y ocho
dos mil setenta y nueve
dos mil ochenta
dos mil ochenta y uno
dos mil ochenta y dos
dos mil ochenta y tres
dos mil ochenta y cuatro
dos mil ochenta y cinco
dos mil ochenta y seis
dos mil ochenta y siete
dos mil ochenta y ocho
dos mil ochenta y nueve
dos mil noventa
dos mil noventa y uno
dos mil noventa y dos
dos mil noventa y tres
dos mil noventa y cuatro
dos mil noventa y cinco
dos mil noventa y seis
dos mil noventa y siete
dos mil noventa y ocho
dos mil noventa y nueve
dos mil cien
dos mil ciento uno
dos mil ciento dos
dos mil ciento tres
dos mil ciento cuatro
dos mil ciento cinco
dos mil ciento seis
dos mil ciento siete
dos mil ciento ocho
dos mil ciento nueve
dos mil ciento diez
dos mil ciento once
dos mil ciento doce
dos mil ciento trece
dos mil ciento catorce
dos mil ciento quince
dos mil ciento dieciseis
dos mil ciento diecisiete
dos mil ciento dieciocho
dos mil ciento diecinueve
dos mil ciento veinte
dos mil ciento veintiuno
dos mil ciento veintidos
dos mil ciento veintitres
dos mil ciento veinticuatro
dos mil ciento veinticinco
dos mil ciento veintiseis
dos mil ciento veintisiete
dos mil ciento veintiocho
dos mil ciento veintinueve
dos mil ciento treinta
dos mil ciento treinta y uno
dos mil ciento treinta y dos
dos mil ciento treinta y tres
dos mil ciento treinta y cuatro
dos mil ciento treinta y cinco
dos mil ciento treinta y seis
dos mil ciento treinta y siete
dos mil ciento treinta y ocho
dos mil ciento treinta y nueve
dos mil ciento cuarenta
dos mil ciento cuarenta y uno
dos mil ciento cuarenta y dos
dos mil ciento cuarenta y tres
dos mil ciento cuarenta y cuatro
dos mil ciento cuarenta y cinco
dos mil ciento cuarenta y seis
dos mil ciento cuarenta y siete
dos mil ciento cuarenta y ocho
dos mil ciento cuarenta y nueve
dos mil ciento cincuenta
dos mil ciento cincuenta y uno
dos mil ciento cincuenta y dos
dos mil ciento cincuenta y tres
dos mil ciento cincuenta y cuatro
dos mil ciento cincuenta y cinco
dos mil ciento cincuenta y seis
dos mil ciento cincuenta y siete
dos mil ciento cincuenta y ocho
dos mil ciento cincuenta y nueve
dos mil ciento sesenta
dos mil ciento sesenta y uno
dos mil ciento sesenta y dos
dos mil ciento sesenta y tres
dos mil ciento sesenta y cuatro
dos mil ciento sesenta y cinco
dos mil ciento sesenta y seis
dos mil ciento sesenta y siete
dos mil ciento sesenta y ocho
dos mil ciento sesenta y nueve
dos mil ciento setenta
dos mil ciento setenta y uno
dos mil ciento setenta y dos
dos mil ciento setenta y tres
dos mil ciento setenta y cuatro
dos mil ciento setenta y cinco
dos mil ciento setenta y seis
dos mil ciento setenta y siete
dos mil ciento setenta y ocho
dos mil ciento setenta y nueve
dos mil ciento ochenta
dos mil ciento ochenta y uno
dos mil ciento ochenta y dos
dos mil ciento ochenta y tres
dos mil ciento ochenta y cuatro
dos mil ciento ochenta y cinco
dos mil ciento ochenta y seis
dos mil ciento ochenta y siete
dos mil ciento ochenta y ocho
dos mil ciento ochenta y nueve
dos mil ciento noventa
dos mil ciento noventa y uno
dos mil ciento noventa y dos
dos mil ciento noventa y tres
dos mil ciento noventa y cuatro
dos mil ciento noventa y cinco
dos mil ciento noventa y seis
dos mil ciento noventa y siete
dos mil ciento noventa y ocho
dos mil ciento noventa y nueve
dos mil doscientos
dos mil doscientos uno
dos mil doscientos dos
dos mil doscientos tres
dos mil doscientos cuatro
dos mil doscientos cinco
dos mil doscientos seis
dos mil doscientos siete
dos mil doscientos ocho
dos mil doscientos nueve
dos mil doscientos diez
dos mil doscientos once
dos mil doscientos doce
dos mil doscientos trece
dos mil doscientos catorce
dos mil doscientos quince
dos mil doscientos dieciseis
dos mil doscientos diecisiete
dos mil doscientos dieciocho
dos mil doscientos diecinueve
dos mil doscientos veinte
dos mil doscientos veintiuno
dos mil doscientos veintidos
dos mil doscientos veintitres
dos mil doscientos veinticuatro
dos mil doscientos veinticinco
dos mil doscientos veintiseis
dos mil doscientos veintisiete
dos mil doscientos veintiocho
dos mil doscientos veintinueve
dos mil doscientos treinta
dos mil doscientos treinta y uno
dos mil doscientos treinta y dos
dos mil doscientos treinta y tres
dos mil doscientos treinta y cuatro
dos mil doscientos treinta y cinco
dos mil doscientos treinta y seis
dos mil doscientos treinta y siete
dos mil doscientos treinta y ocho
dos mil doscientos treinta y nueve
dos mil doscientos cuarenta
dos mil doscientos cuarenta y uno
dos mil doscientos cuarenta y dos
dos mil doscientos cuarenta y tres
dos mil doscientos cuarenta y cuatro
dos mil doscientos cuarenta y cinco
dos mil doscientos cuarenta y seis
dos mil doscientos cuarenta y siete
dos mil doscientos cuarenta y ocho
dos mil doscientos cuarenta y nueve
dos mil doscientos cincuenta
dos mil doscientos cincuenta y uno
dos mil doscientos cincuenta y dos
dos mil doscientos cincuenta y tres
dos mil doscientos cincuenta y cuatro
dos mil doscientos cincuenta y cinco
dos mil doscientos cincuenta y seis
dos mil doscientos cincuenta y siete
dos mil doscientos cincuenta y ocho
dos mil doscientos cincuenta y nueve
dos mil doscientos sesenta
dos mil doscientos sesenta y uno
dos mil doscientos sesenta y dos
dos mil doscientos sesenta y tres
dos mil doscientos sesenta y cuatro
dos mil doscientos sesenta y cinco
dos mil doscientos sesenta y seis
dos mil doscientos sesenta y siete
dos mil doscientos sesenta y ocho
dos mil doscientos sesenta y nueve
dos mil doscientos setenta
dos mil doscientos setenta y uno
dos mil doscientos setenta y dos
dos mil doscientos setenta y tres
dos mil doscientos setenta y cuatro
dos mil doscientos setenta y cinco
dos mil doscientos setenta y seis
dos mil doscientos setenta y siete
dos mil doscientos setenta y ocho
dos mil doscientos setenta y nueve
dos mil doscientos ochenta
dos mil doscientos ochenta y uno
dos mil doscientos ochenta y dos
dos mil doscientos ochenta y tres
dos mil doscientos ochenta y cuatro
dos mil doscientos ochenta y cinco
dos mil doscientos ochenta y seis
dos mil doscientos ochenta y siete
dos mil doscientos ochenta y ocho
dos mil doscientos ochenta y nueve
dos mil doscientos noventa
dos mil doscientos noventa y uno
dos mil doscientos noventa y dos
dos mil doscientos noventa y tres
dos mil doscientos noventa y cuatro
dos mil doscientos noventa y cinco
dos mil doscientos noventa y seis
dos mil doscientos noventa y siete
dos mil doscientos noventa y ocho
dos mil doscientos noventa y nueve
dos mil trescientos
dos mil trescientos uno
dos mil trescientos dos
dos mil trescientos tres
dos mil trescientos cuatro
dos mil trescientos cinco
dos mil trescientos seis
dos mil trescientos siete
dos mil trescientos ocho
dos mil trescientos nueve
dos mil trescientos diez
dos mil trescientos once
dos mil trescientos doce
dos mil trescientos trece
dos mil trescientos catorce
dos mil trescientos quince
dos mil trescientos dieciseis
dos mil trescientos diecisiete
dos mil trescientos dieciocho
dos mil trescientos diecinueve
dos mil trescientos veinte
dos mil trescientos veintiuno
dos mil trescientos veintidos
dos mil trescientos veintitres
dos mil trescientos veinticuatro
dos mil trescientos veinticinco
dos mil trescientos veintiseis
dos mil trescientos veintisiete
dos mil trescientos veintiocho
dos mil trescientos veintinueve
dos mil trescientos treinta
dos mil trescientos treinta y uno
dos mil trescientos treinta y dos
dos mil trescientos treinta y tres
dos mil trescientos treinta y cuatro
dos mil trescientos treinta y cinco
dos mil trescientos treinta y seis
dos mil trescientos treinta y siete
dos mil trescientos treinta y ocho
dos mil trescientos treinta y nueve
dos mil trescientos cuarenta
dos mil trescientos cuarenta y uno
dos mil trescientos cuarenta y dos
dos mil trescientos cuarenta y tres
dos mil trescientos cuarenta y cuatro
dos mil trescientos cuarenta y cinco
dos mil trescientos cuarenta y seis
dos mil trescientos cuarenta y siete
dos mil trescientos cuarenta y ocho
dos mil trescientos cuarenta y nueve
dos mil trescientos cincuenta
dos mil trescientos cincuenta y uno
dos mil trescientos cincuenta y dos
dos mil trescientos cincuenta y tres
dos mil trescientos cincuenta y cuatro
dos mil trescientos cincuenta y cinco
dos mil trescientos cincuenta y seis
dos mil trescientos cincuenta y siete
dos mil trescientos cincuenta y ocho
dos mil trescientos cincuenta y nueve
dos mil trescientos sesenta
dos mil trescientos sesenta y uno
dos mil trescientos sesenta y dos
dos mil trescientos sesenta y tres
dos mil trescientos sesenta y cuatro
dos mil trescientos sesenta y cinco
dos mil trescientos sesenta y seis
dos mil trescientos sesenta y siete
dos mil trescientos sesenta y ocho
dos mil trescientos sesenta y nueve
dos mil trescientos setenta
dos mil trescientos setenta y uno
dos mil trescientos setenta y dos
dos mil trescientos setenta y tres
dos mil trescientos setenta y cuatro
dos mil trescientos setenta y cinco
dos mil trescientos setenta y seis
dos mil trescientos setenta y siete
dos mil trescientos setenta y ocho
dos mil trescientos setenta y nueve
dos mil trescientos ochenta
dos mil trescientos ochenta y uno
dos mil trescientos ochenta y dos
dos mil trescientos ochenta y tres
dos mil trescientos ochenta y cuatro
dos mil trescientos ochenta y cinco
dos mil trescientos ochenta y seis
dos mil trescientos ochenta y siete
dos mil trescientos ochenta y ocho
dos mil trescientos ochenta y nueve
dos mil trescientos noventa
dos mil trescientos noventa y uno
dos mil trescientos noventa y dos
dos mil trescientos noventa y tres
dos mil trescientos noventa y cuatro
dos mil trescientos noventa y cinco
dos mil trescientos noventa y seis
dos mil trescientos noventa y siete
dos mil trescientos noventa y ocho
dos mil trescientos noventa y nueve
dos mil cuatrocientos
dos mil cuatrocientos uno
dos mil cuatrocientos dos
dos mil cuatrocientos tres
dos mil cuatrocientos cuatro
dos mil cuatrocientos cinco
dos mil cuatrocientos seis
dos mil cuatrocientos siete
dos mil cuatrocientos ocho
dos mil cuatrocientos nueve
dos mil cuatrocientos diez
dos mil cuatrocientos once
dos mil cuatrocientos doce
dos mil cuatrocientos trece
dos mil cuatrocientos catorce
dos mil cuatrocientos quince
dos mil cuatrocientos dieciseis
dos mil cuatrocientos diecisiete
dos mil cuatrocientos dieciocho
dos mil cuatrocientos diecinueve
dos mil cuatrocientos veinte
dos mil cuatrocientos veintiuno
dos mil cuatrocientos veintidos
dos mil cuatrocientos veintitres
dos mil cuatrocientos veinticuatro
dos mil cuatrocientos veinticinco
dos mil cuatrocientos veintiseis
dos mil cuatrocientos veintisiete
dos mil cuatrocientos veintiocho
dos mil cuatrocientos veintinueve
dos mil cuatrocientos treinta
dos mil cuatrocientos treinta y uno
dos mil cuatrocientos treinta y dos
dos mil cuatrocientos treinta y tres
dos mil cuatrocientos treinta y cuatro
dos mil cuatrocientos treinta y cinco
dos mil cuatrocientos treinta y seis
dos mil cuatrocientos treinta y siete
dos mil cuatrocientos treinta y ocho
dos mil cuatrocientos treinta y nueve
dos mil cuatrocientos cuarenta
dos mil cuatrocientos cuarenta y uno
dos mil cuatrocientos cuarenta y dos
dos mil cuatrocientos cuarenta y tres
dos mil cuatrocientos cuarenta y cuatro
dos mil cuatrocientos cuarenta y cinco
dos mil cuatrocientos cuarenta y seis
dos mil cuatrocientos cuarenta y siete
dos mil cuatrocientos cuarenta y ocho
dos mil cuatrocientos cuarenta y nueve
dos mil cuatrocientos cincuenta
dos mil cuatrocientos cincuenta y uno
dos mil cuatrocientos cincuenta y dos
dos mil cuatrocientos cincuenta y tres
dos mil cuatrocientos cincuenta y cuatro
dos mil cuatrocientos cincuenta y cinco
dos mil cuatrocientos cincuenta y seis
dos mil cuatrocientos cincuenta y siete
dos mil cuatrocientos cincuenta y ocho
dos mil cuatrocientos cincuenta y nueve
dos mil cuatrocientos sesenta
dos mil cuatrocientos sesenta y uno
dos mil cuatrocientos sesenta y dos
dos mil cuatrocientos sesenta y tres
dos mil cuatrocientos sesenta y cuatro
dos mil cuatrocientos sesenta y cinco
dos mil cuatrocientos sesenta y seis
dos mil cuatrocientos sesenta y siete
dos mil cuatrocientos sesenta y ocho
dos mil cuatrocientos sesenta y nueve
dos mil cuatrocientos setenta
dos mil cuatrocientos setenta y uno
dos mil cuatrocientos setenta y dos
dos mil cuatrocientos setenta y tres
dos mil cuatrocientos setenta y cuatro
dos mil cuatrocientos setenta y cinco
dos mil cuatrocientos setenta y seis
dos mil cuatrocientos setenta y siete
dos mil cuatrocientos setenta y ocho
dos mil cuatrocientos setenta y nueve
dos mil cuatrocientos ochenta
dos mil cuatrocientos ochenta y uno
dos mil cuatrocientos ochenta y dos
dos mil cuatrocientos ochenta y tres
dos mil cuatrocientos ochenta y cuatro
dos mil cuatrocientos ochenta y cinco
dos mil cuatrocientos ochenta y seis
dos mil cuatrocientos ochenta y siete
dos mil cuatrocientos ochenta y ocho
dos mil cuatrocientos ochenta y nueve
dos mil cuatrocientos noventa
dos mil cuatrocientos noventa y uno
dos mil cuatrocientos noventa y dos
dos mil cuatrocientos noventa y tres
dos mil cuatrocientos noventa y cuatro
dos mil cuatrocientos noventa y cinco
dos mil cuatrocientos noventa y seis
dos mil cuatrocientos noventa y siete
dos mil cuatrocientos noventa y ocho
dos mil cuatrocientos noventa y nueve
dos mil quinientos
dos mil quinientos uno
dos mil quinientos dos
dos mil quinientos tres
dos mil quinientos cuatro
dos mil quinientos cinco
dos mil quinientos seis
dos mil quinientos siete
dos mil quinientos ocho
dos mil quinientos nueve
dos mil quinientos diez
dos mil quinientos once
dos mil quinientos doce
dos mil quinientos trece
dos mil quinientos catorce
dos mil quinientos quince
dos mil quinientos dieciseis
dos mil quinientos diecisiete
dos mil quinientos dieciocho
dos mil quinientos diecinueve
dos mil quinientos veinte
dos mil quinientos veintiuno
dos mil quinientos veintidos
dos mil quinientos veintitres
dos mil quinientos veinticuatro
dos mil quinientos veinticinco
dos mil quinientos veintiseis
dos mil quinientos veintisiete
dos mil quinientos veintiocho
dos mil quinientos veintinueve
dos mil quinientos treinta
dos mil quinientos treinta y uno
dos mil quinientos treinta y dos
dos mil quinientos treinta y tres
dos mil quinientos treinta y cuatro
dos mil quinientos treinta y cinco
dos mil quinientos treinta y seis
dos mil quinientos treinta y siete
dos mil quinientos treinta y ocho
dos mil quinientos treinta y nueve
dos mil quinientos cuarenta
dos mil quinientos cuarenta y uno
dos mil quinientos cuarenta y dos
dos mil quinientos cuarenta y tres
dos mil quinientos cuarenta y cuatro
dos mil quinientos cuarenta y cinco
dos mil quinientos cuarenta y seis
dos mil quinientos cuarenta y siete
dos mil quinientos cuarenta y ocho
dos mil quinientos cuarenta y nueve
dos mil quinientos cincuenta
dos mil quinientos cincuenta y uno
dos mil quinientos cincuenta y dos
dos mil quinientos cincuenta y tres
dos mil quinientos cincuenta y cuatro
dos mil quinientos cincuenta y cinco
dos mil quinientos cincuenta y seis
dos mil quinientos cincuenta y siete
dos mil quinientos cincuenta y ocho
dos mil quinientos cincuenta y nueve
dos mil quinientos sesenta
dos mil quinientos sesenta y uno
dos mil quinientos sesenta y dos
dos mil quinientos sesenta y tres
dos mil quinientos sesenta y cuatro
dos mil quinientos sesenta y cinco
dos mil quinientos sesenta y seis
dos mil quinientos sesenta y siete
dos mil quinientos sesenta y ocho
dos mil quinientos sesenta y nueve
dos mil quinientos setenta
dos mil quinientos setenta y uno
dos mil quinientos setenta y dos
dos mil quinientos setenta y tres
dos mil quinientos setenta y cuatro
dos mil quinientos setenta y cinco
dos mil quinientos setenta y seis
dos mil quinientos setenta y siete
dos mil quinientos setenta y ocho
dos mil quinientos setenta y nueve
dos mil quinientos ochenta
dos mil quinientos ochenta y uno
dos mil quinientos ochenta y dos
dos mil quinientos ochenta y tres
dos mil quinientos ochenta y cuatro
dos mil quinientos ochenta y cinco
dos mil quinientos ochenta y seis
dos mil quinientos ochenta y siete
dos mil quinientos ochenta y ocho
dos mil quinientos ochenta y nueve
dos mil quinientos noventa
dos mil quinientos noventa y uno
dos mil quinientos noventa y dos
dos mil quinientos noventa y tres
dos mil quinientos noventa y cuatro
dos mil quinientos noventa y cinco
dos mil quinientos noventa y seis
dos mil quinientos noventa y siete
dos mil quinientos noventa y ocho
dos mil quinientos noventa y nueve
dos mil seiscientos
dos mil seiscientos uno
dos mil seiscientos dos
dos mil seiscientos tres
dos mil seiscientos cuatro
dos mil seiscientos cinco
dos mil seiscientos seis
dos mil seiscientos siete
dos mil seiscientos ocho
dos mil seiscientos nueve
dos mil seiscientos diez
dos mil seiscientos once
dos mil seiscientos doce
dos mil seiscientos trece
dos mil seiscientos catorce
dos mil seiscientos quince
dos mil seiscientos dieciseis
dos mil seiscientos diecisiete
dos mil seiscientos dieciocho
dos mil seiscientos diecinueve
dos mil seiscientos veinte
dos mil seiscientos veintiuno
dos mil seiscientos veintidos
dos mil seiscientos veintitres
dos mil seiscientos veinticuatro
dos mil seiscientos veinticinco
dos mil seiscientos veintiseis
dos mil seiscientos veintisiete
dos mil seiscientos veintiocho
dos mil seiscientos veintinueve
dos mil seiscientos treinta
dos mil seiscientos treinta y uno
dos mil seiscientos treinta y dos
dos mil seiscientos treinta y tres
dos mil seiscientos treinta y cuatro
dos mil seiscientos treinta y cinco
dos mil seiscientos treinta y seis
dos mil seiscientos treinta y siete
dos mil seiscientos treinta y ocho
dos mil seiscientos treinta y nueve
dos mil seiscientos cuarenta
dos mil seiscientos cuarenta y uno
dos mil seiscientos cuarenta y dos
dos mil seiscientos cuarenta y tres
dos mil seiscientos cuarenta y cuatro
dos mil seiscientos cuarenta y cinco
dos mil seiscientos cuarenta y seis
dos mil seiscientos cuarenta y siete
dos mil seiscientos cuarenta y ocho
dos mil seiscientos cuarenta y nueve
dos mil seiscientos cincuenta
dos mil seiscientos cincuenta y uno
dos mil seiscientos cincuenta y dos
dos mil seiscientos cincuenta y tres
dos mil seiscientos cincuenta y cuatro
dos mil seiscientos cincuenta y cinco
dos mil seiscientos cincuenta y seis
dos mil seiscientos cincuenta y siete
dos mil seiscientos cincuenta y ocho
dos mil seiscientos cincuenta y nueve
dos mil seiscientos sesenta
dos mil seiscientos sesenta y uno
dos mil seiscientos sesenta y dos
dos mil seiscientos sesenta y tres
dos mil seiscientos sesenta y cuatro
dos mil seiscientos sesenta y cinco
dos mil seiscientos sesenta y seis
dos mil seiscientos sesenta y siete
dos mil seiscientos sesenta y ocho
dos mil seiscientos sesenta y nueve
dos mil seiscientos setenta
dos mil seiscientos setenta y uno
dos mil seiscientos setenta y dos
dos mil seiscientos setenta y tres
dos mil seiscientos setenta y cuatro
dos mil seiscientos setenta y cinco
dos mil seiscientos setenta y seis
dos mil seiscientos setenta y siete
dos mil seiscientos setenta y ocho
dos mil seiscientos setenta y nueve
dos mil seiscientos ochenta
dos mil seiscientos ochenta y uno
dos mil seiscientos ochenta y dos
dos mil seiscientos ochenta y tres
dos mil seiscientos ochenta y cuatro
dos mil seiscientos ochenta y cinco
dos mil seiscientos ochenta y seis
dos mil seiscientos ochenta y siete
dos mil seiscientos ochenta y ocho
dos mil seiscientos ochenta y nueve
dos mil seiscientos noventa
dos mil seiscientos noventa y uno
dos mil seiscientos noventa y dos
dos mil seiscientos noventa y tres
dos mil seiscientos noventa y cuatro
dos mil seiscientos noventa y cinco
dos mil seiscientos noventa y seis
dos mil seiscientos noventa y siete
dos mil seiscientos noventa y ocho
dos mil seiscientos noventa y nueve
dos mil setecientos
dos mil setecientos uno
dos mil setecientos dos
dos mil setecientos tres
dos mil setecientos cuatro
dos mil setecientos cinco
dos mil setecientos seis
dos mil setecientos siete
dos mil setecientos ocho
dos mil setecientos nueve
dos mil setecientos diez
dos mil setecientos once
dos mil setecientos doce
dos mil setecientos trece
dos mil setecientos catorce
dos mil setecientos quince
dos mil setecientos dieciseis
dos mil setecientos diecisiete
dos mil setecientos dieciocho
dos mil setecientos diecinueve
dos mil setecientos veinte
dos mil setecientos veintiuno
dos mil setecientos veintidos
dos mil setecientos veintitres
dos mil setecientos veinticuatro
dos mil setecientos veinticinco
dos mil setecientos veintiseis
dos mil setecientos veintisiete
dos mil setecientos veintiocho
dos mil setecientos veintinueve
dos mil setecientos treinta
dos mil setecientos treinta y uno
dos mil setecientos treinta y dos
dos mil setecientos treinta y tres
dos mil setecientos treinta y cuatro
dos mil setecientos treinta y cinco
dos mil setecientos treinta y seis
dos mil setecientos treinta y siete
dos mil setecientos treinta y ocho
dos mil setecientos treinta y nueve
dos mil setecientos cuarenta
dos mil setecientos cuarenta y uno
dos mil setecientos cuarenta y dos
dos mil setecientos cuarenta y tres
dos mil setecientos cuarenta y cuatro
dos mil setecientos cuarenta y cinco
dos mil setecientos cuarenta y seis
dos mil setecientos cuarenta y siete
dos mil setecientos cuarenta y ocho
dos mil setecientos cuarenta y nueve
dos mil setecientos cincuenta
dos mil setecientos cincuenta y uno
dos mil setecientos cincuenta y dos
dos mil setecientos cincuenta y tres
dos mil setecientos cincuenta y cuatro
dos mil setecientos cincuenta y cinco
dos mil setecientos cincuenta y seis
dos mil setecientos cincuenta y siete
dos mil setecientos cincuenta y ocho
dos mil setecientos cincuenta y nueve
dos mil setecientos sesenta
dos mil setecientos sesenta y uno
dos mil setecientos sesenta y dos
dos mil setecientos sesenta y tres
dos mil setecientos sesenta y cuatro
dos mil setecientos sesenta y cinco
dos mil setecientos sesenta y seis
dos mil setecientos sesenta y siete
dos mil setecientos sesenta y ocho
dos mil setecientos sesenta y nueve
dos mil setecientos setenta
dos mil setecientos setenta y uno
dos mil setecientos setenta y dos
dos mil setecientos setenta y tres
dos mil setecientos setenta y cuatro
dos mil setecientos setenta y cinco
dos mil setecientos setenta y seis
dos mil setecientos setenta y siete
dos mil setecientos setenta y ocho
dos mil setecientos setenta y nueve
dos mil setecientos ochenta
dos mil setecientos ochenta y uno
dos mil setecientos ochenta y dos
dos mil setecientos ochenta y tres
dos mil setecientos ochenta y cuatro
dos mil setecientos ochenta y cinco
dos mil setecientos ochenta y seis
dos mil setecientos ochenta y siete
dos mil setecientos ochenta y ocho
dos mil setecientos ochenta y nueve
dos mil setecientos noventa
dos mil setecientos noventa y uno
dos mil setecientos noventa y dos
dos mil setecientos noventa y tres
dos mil setecientos noventa y cuatro
dos mil setecientos noventa y cinco
dos mil setecientos noventa y seis
dos mil setecientos noventa y siete
dos mil setecientos noventa y ocho
dos mil setecientos noventa y nueve
dos mil ochocientos
dos mil ochocientos uno
dos mil ochocientos dos
dos mil ochocientos tres
dos mil ochocientos cuatro
dos mil ochocientos cinco
dos mil ochocientos seis
dos mil ochocientos siete
dos mil ochocientos ocho
dos mil ochocientos nueve
dos mil ochocientos diez
dos mil ochocientos once
dos mil ochocientos doce
dos mil ochocientos trece
dos mil ochocientos catorce
dos mil ochocientos quince
dos mil ochocientos dieciseis
dos mil ochocientos diecisiete
dos mil ochocientos dieciocho
dos mil ochocientos diecinueve
dos mil ochocientos veinte
dos mil ochocientos veintiuno
dos mil ochocientos veintidos
dos mil ochocientos veintitres
dos mil ochocientos veinticuatro
dos mil ochocientos veinticinco
dos mil ochocientos veintiseis
dos mil ochocientos veintisiete
dos mil ochocientos veintiocho
dos mil ochocientos veintinueve
dos mil ochocientos treinta
dos mil ochocientos treinta y uno
dos mil ochocientos treinta y dos
dos mil ochocientos treinta y tres
dos mil ochocientos treinta y cuatro
dos mil ochocientos treinta y cinco
dos mil ochocientos treinta y seis
dos mil ochocientos treinta y siete
dos mil ochocientos treinta y ocho
dos mil ochocientos treinta y nueve
dos mil ochocientos cuarenta
dos mil ochocientos cuarenta y uno
dos mil ochocientos cuarenta y dos
dos mil ochocientos cuarenta y tres
dos mil ochocientos cuarenta y cuatro
dos mil ochocientos cuarenta y cinco
dos mil ochocientos cuarenta y seis
dos mil ochocientos cuarenta y siete
dos mil ochocientos cuarenta y ocho
dos mil ochocientos cuarenta y nueve
dos mil ochocientos cincuenta
dos mil ochocientos cincuenta y uno
dos mil ochocientos cincuenta y dos
dos mil ochocientos cincuenta y tres
dos mil ochocientos cincuenta y cuatro
dos mil ochocientos cincuenta y cinco
dos mil ochocientos cincuenta y seis
dos mil ochocientos cincuenta y siete
dos mil ochocientos cincuenta y ocho
dos mil ochocientos cincuenta y nueve
dos mil ochocientos sesenta
dos mil ochocientos sesenta y uno
dos mil ochocientos sesenta y dos
dos mil ochocientos sesenta y tres
dos mil ochocientos sesenta y cuatro
dos mil ochocientos sesenta y cinco
dos mil ochocientos sesenta y seis
dos mil ochocientos sesenta y siete
dos mil ochocientos sesenta y ocho
dos mil ochocientos sesenta y nueve
dos mil ochocientos setenta
dos mil ochocientos setenta y uno
dos mil ochocientos setenta y dos
dos mil ochocientos setenta y tres
dos mil ochocientos setenta y cuatro
dos mil ochocientos setenta y cinco
dos mil ochocientos setenta y seis
dos mil ochocientos setenta y siete
dos mil ochocientos setenta y ocho
dos mil ochocientos setenta y nueve
dos mil ochocientos ochenta
dos mil ochocientos ochenta y uno
dos mil ochocientos ochenta y dos
dos mil ochocientos ochenta y tres
dos mil ochocientos ochenta y cuatro
dos mil ochocientos ochenta y cinco
dos mil ochocientos ochenta y seis
dos mil ochocientos ochenta y siete
dos mil ochocientos ochenta y ocho
dos mil ochocientos ochenta y nueve
dos mil ochocientos noventa
dos mil ochocientos noventa y uno
dos mil ochocientos noventa y dos
dos mil ochocientos noventa y tres
dos mil ochocientos noventa y cuatro
dos mil ochocientos noventa y cinco
dos mil ochocientos noventa y seis
dos mil ochocientos noventa y siete
dos mil ochocientos noventa y ocho
dos mil ochocientos noventa y nueve
dos mil novecientos
dos mil novecientos uno
dos mil novecientos dos
dos mil novecientos tres
dos mil novecientos cuatro
dos mil novecientos cinco
dos mil novecientos seis
dos mil novecientos siete
dos mil novecientos ocho
dos mil novecientos nueve
dos mil novecientos diez
dos mil novecientos once
dos mil novecientos doce
dos mil novecientos trece
dos mil novecientos catorce
dos mil novecientos quince
dos mil novecientos dieciseis
dos mil novecientos diecisiete
dos mil novecientos dieciocho
dos mil novecientos diecinueve
dos mil novecientos veinte
dos mil novecientos veintiuno
dos mil novecientos veintidos
dos mil novecientos veintitres
dos mil novecientos veinticuatro
dos mil novecientos veinticinco
dos mil novecientos veintiseis
dos mil novecientos veintisiete
dos mil novecientos veintiocho
dos mil novecientos veintinueve
dos mil novecientos treinta
dos mil novecientos treinta y uno
dos mil novecientos treinta y dos
dos mil novecientos treinta y tres
dos mil novecientos treinta y cuatro
dos mil novecientos treinta y cinco
dos mil novecientos treinta y seis
dos mil novecientos treinta y siete
dos mil novecientos treinta y ocho
dos mil novecientos treinta y nueve
dos mil novecientos cuarenta
dos mil novecientos cuarenta y uno
dos mil novecientos cuarenta y dos
dos mil novecientos cuarenta y tres
dos mil novecientos cuarenta y cuatro
dos mil novecientos cuarenta y cinco
dos mil novecientos cuarenta y seis
dos mil novecientos cuarenta y siete
dos mil novecientos cuarenta y ocho
dos mil novecientos cuarenta y nueve
dos mil novecientos cincuenta
dos mil novecientos cincuenta y uno
dos mil novecientos cincuenta y dos
dos mil novecientos cincuenta y tres
dos mil novecientos cincuenta y cuatro
dos mil novecientos cincuenta y cinco
dos mil novecientos cincuenta y seis
dos mil novecientos cincuenta y siete
dos mil novecientos cincuenta y ocho
dos mil novecientos cincuenta y nueve
dos mil novecientos sesenta
dos mil novecientos sesenta y uno
dos mil novecientos sesenta y dos
dos mil novecientos sesenta y tres
dos mil novecientos sesenta y cuatro
dos mil novecientos sesenta y cinco
dos mil novecientos sesenta y seis
dos mil novecientos sesenta y siete
dos mil novecientos sesenta y ocho
dos mil novecientos sesenta y nueve
dos mil novecientos setenta
dos mil novecientos setenta y uno
dos mil novecientos setenta y dos
dos mil novecientos setenta y tres
dos mil novecientos setenta y cuatro
dos mil novecientos setenta y cinco
dos mil novecientos setenta y seis
dos mil novecientos setenta y siete
dos mil novecientos setenta y ocho
dos mil novecientos setenta y nueve
dos mil novecientos ochenta
dos mil novecientos ochenta y uno
dos mil novecientos ochenta y dos
dos mil novecientos ochenta y tres
dos mil novecientos ochenta y cuatro
dos mil novecientos ochenta y cinco
dos mil novecientos ochenta y seis
dos mil novecientos ochenta y siete
dos mil novecientos ochenta y ocho
dos mil novecientos ochenta y nueve
dos mil novecientos noventa
dos mil novecientos noventa y uno
dos mil novecientos noventa y dos
dos mil novecientos noventa y tres
dos mil novecientos noventa y cuatro
dos mil novecientos noventa y cinco
dos mil novecientos noventa y seis
dos mil novecientos noventa y siete
dos mil novecientos noventa y ocho
dos mil novecientos noventa y nueve
tres mil
millón
millones
billón
billones
trillón
trillones
miles
decena
decenas
docena
docenas
centena
centenas
cientos
centenar
millar
centenares
millares