cero
un
uno
dos
tres
cuatro
cinco
seis
siete
ocho
nueve
diez
once
doce
trece
catorce
quince
dieciséis
diecisiete
dieciocho
diecinueve
veintiuno
veintiún
veintidós
veintitrés
veinticuatro
veinticinco
veintiséis
veintisiete
veintiocho
veintinueve
treinta
veinte
treinta
cuarenta
cincuenta
sesenta
setenta
ochenta
noventa
cien
doscientos
trescientos
cuatrocientos
quinientos
seiscientos
setecientos
ochocientos
novecientos
mil
millón
millones
billón
billones
trillón
trillones
Cero
Uno
Dos
Tres
Cuatro
Cinco
Seis
Siete
Ocho
Nueve
Diez
Once
Doce
Trece
Catorce
Quince
Dieciséis
Diecisiete
Dieciocho
Diecinueve
Veintiuno
Veintiún
Veintidós
Veintitrés
Veinticuatro
Veinticinco
Veintiséis
Veintisiete
Veintiocho
Veintinueve
Treinta
Veinte
Treinta
Cuarenta
Cincuenta
Sesenta
Setenta
Ochenta
Noventa
Cien
Doscientos
Trescientos
Cuatrocientos
Quinientos
Seiscientos
Setecientos
Ochocientos
Novecientos
Mil
Millón
Millones
Billón
Billones
Trillón
Trillones
miles
Miles
decena
decenas
docena
docenas
centena
centenas
cientos
centenar
millar
centenares
millares
